   Compiling libc v0.2.183
   Compiling cfg-if v1.0.4
   Compiling proc-macro2 v1.0.106
   Compiling unicode-ident v1.0.22
   Compiling quote v1.0.43
   Compiling memchr v2.8.0
   Compiling rustix v1.1.4
   Compiling linux-raw-sys v0.12.1
   Compiling bitflags v2.11.0
   Compiling syn v2.0.117
   Compiling shlex v1.3.0
   Compiling typenum v1.19.0
   Compiling find-msvc-tools v0.1.9
   Compiling object v0.37.3
   Compiling version_check v0.9.5
   Compiling cc v1.2.57
   Compiling generic-array v0.14.7
   Compiling getrandom v0.4.2
   Compiling errno v0.3.14
   Compiling signal-hook v0.3.18
   Compiling unicode-segmentation v1.13.2
   Compiling parking_lot_core v0.9.12
   Compiling getrandom v0.3.4
   Compiling convert_case v0.10.0
   Compiling signal-hook-registry v1.4.8
   Compiling gimli v0.32.3
   Compiling fastrand v2.3.0
   Compiling smallvec v1.15.1
   Compiling log v0.4.29
   Compiling utf8parse v0.2.2
   Compiling once_cell v1.21.4
   Compiling ucd-trie v0.1.7
   Compiling scopeguard v1.2.0
   Compiling adler2 v2.0.1
   Compiling miniz_oxide v0.8.9
   Compiling lock_api v0.4.14
   Compiling pest v2.8.6
   Compiling tempfile v3.27.0
   Compiling ar_archive_writer v0.5.1
   Compiling mio v1.1.1
   Compiling addr2line v0.25.1
   Compiling anstyle-parse v0.2.7
   Compiling psm v0.1.30
   Compiling derive_more-impl v2.1.1
   Compiling colorchoice v1.0.5
   Compiling litrs v1.0.0
   Compiling anstyle v1.0.14
   Compiling rustc-demangle v0.1.27
   Compiling owo-colors v4.3.0
   Compiling zerocopy v0.8.47
   Compiling anstyle-query v1.1.5
   Compiling is_terminal_polyfill v1.70.2
   Compiling unicode-width v0.2.2
   Compiling anstream v0.6.21
   Compiling document-features v0.2.12
   Compiling derive_more v2.1.1
   Compiling rand_core v0.9.5
   Compiling signal-hook-mio v0.2.5
   Compiling parking_lot v0.12.5
   Compiling pest_meta v2.8.6
   Compiling block-buffer v0.10.4
   Compiling crypto-common v0.1.7
   Compiling stacker v0.1.23
   Compiling is_ci v1.2.0
   Compiling clap_lex v1.1.0
   Compiling unicode-linebreak v0.1.5
   Compiling strsim v0.11.1
   Compiling thiserror v2.0.18
   Compiling heck v0.5.0
   Compiling tinyvec_macros v0.1.1
   Compiling autocfg v1.5.0
   Compiling clap_derive v4.5.55
   Compiling num-traits v0.2.19
   Compiling tinyvec v1.11.0
   Compiling pest_generator v2.8.6
   Compiling clap_builder v4.5.60
   Compiling backtrace v0.3.76
   Compiling textwrap v0.16.2
   Compiling supports-color v3.0.2
   Compiling backtrace-ext v0.2.1
   Compiling digest v0.10.7
   Compiling crossterm v0.29.0
   Compiling miette-derive v7.6.0
   Compiling thiserror-impl v2.0.18
   Compiling terminal_size v0.4.4
   Compiling dirs-sys-next v0.1.2
   Compiling unicode-width v0.1.14
   Compiling supports-unicode v3.0.0
   Compiling cpufeatures v0.2.17
   Compiling supports-hyperlinks v3.2.0
   Compiling sha2 v0.10.9
   Compiling miette v7.6.0
   Compiling dirs-next v2.0.0
   Compiling comfy-table v7.2.2
   Compiling clap v4.5.60
   Compiling pest_derive v2.8.6
   Compiling unicode-normalization v0.1.25
   Compiling wait-timeout v0.2.1
   Compiling bit-vec v0.8.0
   Compiling rustc-hash v2.1.1
   Compiling quick-error v1.2.3
   Compiling fnv v1.0.7
   Compiling hex v0.4.3
   Compiling smol_str v0.3.6
   Compiling rusty-fork v0.3.1
   Compiling ppv-lite86 v0.2.21
   Compiling bit-set v0.8.0
   Compiling rand_xorshift v0.4.0
   Compiling rand v0.9.2
   Compiling console v0.16.3
   Compiling rand_chacha v0.9.0
   Compiling yansi v1.0.1
   Compiling unarray v0.1.4
   Compiling similar v2.7.0
   Compiling diff v0.1.13
   Compiling regex-syntax v0.8.10
   Compiling pretty_assertions v1.4.1
   Compiling glossa v0.1.0 (/app)
   Compiling insta v1.47.0
   Compiling proptest v1.11.0
    Finished `test` profile [unoptimized + debuginfo] target(s) in 59.44s
     Running unittests src/lib.rs (target/debug/deps/glossa-412c4c7863be86b8)

running 616 tests
test codegen::tests::test_basic_types ... ok
test codegen::tests::refactor_tests::test_generate_checked_arithmetic ... ok
test codegen::tests::refactor_tests::test_generate_memoized_closure ... ok
test codegen::tests::refactor_tests::test_generate_trait_parts_manual ... ok
test codegen::tests::test_container_types ... ok
test codegen::tests::test_generate_checked_op ... ok
test codegen::tests::test_generate_control_unwrap ... ok
test codegen::tests::test_generate_collection_index_bounds_check ... ok
test codegen::tests::test_generate_number ... ok
test codegen::tests::test_generate_hello ... ok
test codegen::tests::test_generate_full_program ... ok
test codegen::tests::test_generate_binding ... ok
test codegen::tests::test_generate_unary_op_neg_checked ... ok
test codegen::tests::test_sanitize_edge_cases ... ok
test codegen::tests::test_generate_statement_code ... ok
test codegen::tests::test_sanitize_keywords_and_prefix ... ok
test codegen::tests::test_generate_unreachable_operators ... ok
test codegen::tests::test_sanitize_greek_letter ... ok
test codegen::tests::test_struct_type ... ok
test codegen::tests::test_transliterate ... ok
test codegen::tests::test_transliterate_unique ... ok
test codegen::tests::test_transliterate_mixed_valid_invalid ... ok
test errors::tests::test_category_greek ... ok
test errors::tests::test_parse_error ... ok
test errors::tests::test_parse_with_source ... ok
test errors::tests::test_undefined_error ... ok
test morphology::conjugation::tests::test_analyze_verb_all_discrepancies ... ok
test morphology::conjugation::tests::test_analyze_verb_coverage_forms ... ok
test morphology::conjugation::tests::test_aorist_active ... ok
test morphology::conjugation::tests::test_augment_stripping ... ok
test morphology::conjugation::tests::test_conjugate ... ok
test morphology::conjugation::tests::test_constants_sorted ... ok
test morphology::conjugation::tests::test_eimi_subjunctive ... ok
test morphology::conjugation::tests::test_infinitive_form ... ok
test morphology::conjugation::tests::test_infinitive ... ok
test morphology::conjugation::tests::test_present_active_imperative ... ok
test morphology::conjugation::tests::test_present_active_indicative ... ok
test morphology::declension::tests::test_analyze_noun_all_ambiguity ... ok
test morphology::conjugation::tests::test_strip_augment_function ... ok
test morphology::declension::tests::test_analyze_noun_disambiguation_alpha ... ok
test morphology::declension::tests::test_constants_sorted ... ok
test morphology::declension::tests::test_decline_alpha_mismatch ... ok
test morphology::declension::tests::test_decline_fallthrough ... ok
test morphology::declension::tests::test_decline_second_masculine ... ok
test morphology::declension::tests::test_decline_table ... ok
test morphology::declension::tests::test_first_declension_alpha ... ok
test morphology::declension::tests::test_get_stem ... ok
test morphology::declension::tests::test_second_declension_accusative ... ok
test morphology::declension::tests::test_first_declension_eta ... ok
test morphology::declension::tests::test_second_declension_dative ... ok
test morphology::declension::tests::test_second_declension_genitive ... ok
test morphology::declension::tests::test_second_declension_neuter_plural ... ok
test morphology::declension::tests::test_second_declension_plural ... ok
test morphology::declension::tests::test_second_declension_vocative ... ok
test morphology::declension::tests::test_third_declension_ma ... ok
test morphology::disambiguation::tests::test_article_context ... ok
test morphology::declension::tests::test_second_declension_nominative ... ok
test morphology::disambiguation::tests::test_analyze_article_all_forms ... ok
test morphology::disambiguation::tests::test_disambiguate_with_article ... ok
test morphology::disambiguation::tests::test_neuter_article_ambiguity ... ok
test morphology::disambiguation::tests::test_no_context_preserves_order ... ok
test morphology::disambiguation::tests::test_verb_context ... ok
test morphology::lexicon::tests::test_assert_verb_lexicon_entry ... ok
test morphology::lexicon::tests::test_arithmetic_operators ... ok
test morphology::lexicon::tests::test_boolean_lookup ... ok
test morphology::lexicon::tests::test_boolean_operators ... ok
test morphology::lexicon::tests::test_comparison_operators ... ok
test morphology::lexicon::tests::test_declined_collection_nouns ... ok
test morphology::lexicon::tests::test_equals_verb_lexicon_entry ... ok
test morphology::lexicon::tests::test_gignetai_is_assignment_verb ... ok
test morphology::lexicon::tests::test_gignetai_lexicon_entry ... ok
test morphology::lexicon::tests::test_insert_verb_lexicon_entries ... ok
test morphology::lexicon::tests::test_is_assert_verb ... ok
test morphology::lexicon::tests::test_is_containment_preposition ... ok
test morphology::lexicon::tests::test_is_delimiter_preposition ... ok
test morphology::lexicon::tests::test_is_equals_verb ... ok
test morphology::lexicon::tests::test_is_insert_verb ... ok
test morphology::lexicon::tests::test_is_join_verb ... ok
test morphology::lexicon::tests::test_is_print_verb ... ok
test morphology::lexicon::tests::test_is_split_verb ... ok
test morphology::lexicon::tests::test_join_verb_lexicon_entries ... ok
test morphology::lexicon::tests::test_lookup_binding ... ok
test morphology::lexicon::tests::test_lookup_type ... ok
test morphology::lexicon::tests::test_lookup_verb ... ok
test morphology::lexicon::tests::test_meta_is_mutable_marker ... ok
test morphology::lexicon::tests::test_meta_lexicon_entry ... ok
test morphology::lexicon::tests::test_non_assignment_verb ... ok
test morphology::lexicon::tests::test_non_mutable_marker ... ok
test morphology::lexicon::tests::test_numeral_value ... ok
test morphology::lexicon::tests::test_operator_lexicon_entries ... ok
test morphology::lexicon::tests::test_split_verb_lexicon_entries ... ok
test morphology::matcher::tests::test_basic_match ... ok
test morphology::matcher::tests::test_callback_mutable_state ... ok
test morphology::matcher::tests::test_early_exit ... ok
test morphology::matcher::tests::test_empty_stem_check ... ok
test morphology::matcher::tests::test_multiple_matches ... ok
test morphology::matcher::tests::test_no_match ... ok
test morphology::matcher::tests::test_unicode_suffix ... ok
test morphology::participle::tests::test_aorist_active_participle ... ok
test morphology::participle::tests::test_aorist_feminine ... ok
test morphology::participle::tests::test_aorist_neuter ... ok
test morphology::participle::tests::test_perfect_passive_participle ... ok
test morphology::participle::tests::test_present_active_participle_feminine ... ok
test morphology::participle::tests::test_present_active_participle_masculine ... ok
test morphology::participle::tests::test_present_active_participle_neuter ... ok
test morphology::participle::tests::test_present_middle_participle ... ok
test morphology::participle::tests::test_verb_lemma ... ok
test morphology::tests::test_ambiguous_word_analysis ... ok
test morphology::tests::test_analyze_accusative ... ok
test morphology::tests::test_analyze_dative ... ok
test morphology::tests::test_analyze_all_coverage_forms ... ok
test morphology::tests::test_analyze_genitive ... ok
test morphology::tests::test_analyze_nominative ... ok
test morphology::tests::test_analyze_lexicon_lookup ... ok
test morphology::tests::test_analyze_verb_imperative ... ok
test morphology::tests::test_display_impls ... ok
test morphology::tests::test_analyze_verb_present ... ok
test morphology::tests::test_unknown_word_fallback ... ok
test morphology::tests::test_single_greek_letter_fallback ... ok
test parser::expressions::tests::test_build_indexed_word_expr_unexpected_rule ... ok
test morphology::tests::test_sort_safety_with_nan ... ok
test parser::expressions::tests::test_build_literal_unexpected_rule ... ok
test parser::expressions::tests::test_build_term_empty_term ... ok
test parser::expressions::tests::test_build_term_unexpected_inner_rule ... ok
test parser::grammar::tests::test_parse_ascii_question_mark ... ok
test parser::grammar::tests::test_parse_chained_statements ... ok
test parser::grammar::tests::test_parse_greek_question_mark ... ok
test parser::grammar::tests::test_parse_hello_cosmos ... ok
test parser::grammar::tests::test_parse_inline_comment ... ok
test parser::grammar::tests::test_parse_genitive_property_access ... ok
test parser::grammar::tests::test_parse_line_comment ... ok
test parser::grammar::tests::test_parse_number_literal ... ok
test parser::grammar::tests::test_parse_multiple_statements ... ok
test parser::grammar::tests::test_parse_simple_string_print ... ok
test parser::grammar::tests::test_parse_variable_use ... ok
test parser::grammar::tests::test_parse_variable_binding ... ok
test parser::numerals::tests::test_2024 ... ok
test parser::numerals::tests::test_archaic ... ok
test parser::numerals::tests::test_hundreds ... ok
test parser::numerals::tests::test_full_coverage ... ok
test parser::numerals::tests::test_invalid ... ok
test parser::numerals::tests::test_tens ... ok
test parser::numerals::tests::test_sigma_uppercase ... ok
test parser::numerals::tests::test_teens ... ok
test parser::numerals::tests::test_thousands ... ok
test parser::numerals::tests::test_units ... ok
test parser::tests::test_parse_source_hello ... ok
test parser::tests::test_parse_source_number_literal ... ok
test parser::tests::test_parse_source_multiple_statements ... ok
test parser::tests::test_parse_source_query ... ok
test parser::tests::test_recursion_limit_exceeded ... ok
test parser::tests::test_parse_source_string_literal ... ok
test parser::tests::test_recursion_limit_ignored_in_comment ... ok
test parser::tests::test_parse_source_variable_binding ... ok
test parser::tests::test_parse_source_with_comma ... ok
test parser::tests::test_recursion_limit_ignored_in_string ... ok
test parser::tests::test_recursion_limit_not_exceeded ... ok
test parser::tests::test_recursion_limit_mixed_brackets ... ok
test parser::tests::test_recursion_limit_unbalanced_but_safe ... ok
test semantic::assembler_tests::test_assembled_statement_derive_coverage ... ok
test semantic::assembler_tests::test_assembler_arithmetic_operators_coverage ... ok
test parser::tests::test_word_normalization ... ok
test semantic::assembler_tests::test_assembler_boolean_and_coverage ... ok
test semantic::assembler_tests::test_assembler_method_verbs_join_coverage ... ok
test semantic::assembler_tests::test_assembler_error_cases_coverage ... ok
test semantic::assembler_tests::test_assembler_method_verbs_split_coverage ... ok
test semantic::assembler_tests::test_assembler_numeral_coverage ... ok
test semantic::assembler_tests::test_assembler_ordinal_index_coverage ... ok
test semantic::assembler_tests::test_assembler_set_flags_coverage ... ok
test semantic::assembler_tests::test_assembler_special_markers_coverage ... ok
test semantic::assembler_tests::test_constituent_derive_coverage ... ok
test semantic::assembler_tests::test_double_indirect_object_error ... ok
test semantic::assembler_tests::test_length_property_not_ignored_without_subject ... ok
test semantic::assembler_tests::test_limit_arrays ... ok
test semantic::assembler_tests::test_limit_blocks ... ok
test semantic::assembler_tests::test_limit_index_accesses ... ok
test semantic::assembler_tests::test_limit_literals ... ok
test semantic::assembler_tests::test_limit_genitives ... ok
test semantic::assembler_tests::test_limit_nested_phrases ... ok
test semantic::assembler_tests::test_limit_nominatives ... ok
test semantic::assembler_tests::test_limit_operators ... ok
test semantic::assembler_tests::test_limit_adjectives ... ok
test semantic::assembler_tests::test_limit_operators_or ... ok
test semantic::assembler_tests::test_limit_operators_comparison ... ok
test semantic::assembler_tests::test_limit_operators_arithmetic ... ok
test semantic::assembler_tests::test_limit_participles ... ok
test semantic::assembler_tests::test_limit_ordinal_index ... ok
test semantic::assembler_tests::test_limit_unwraps ... ok
test semantic::assembler_tests::test_neuter_plural_agreement ... ok
test semantic::assembler_tests::test_split_verb_consumes_literal_without_subject ... ok
test semantic::assembler_tests::test_ordinal_not_ignored_without_subject ... ok
test semantic::assembler_tests::test_split_verb_not_ignored_without_delimiter ... ok
test semantic::assembler_tests::test_verbless_statement ... ok
test semantic::assembly::tests::test_boolean_or_detection ... ok
test semantic::assembly::tests::test_dative_indirect_object ... ok
test semantic::assembler_tests::test_limit_property_accesses ... ok
test semantic::assembly::tests::test_double_object_error ... ok
test semantic::assembly::tests::test_disambiguation_en_vs_hen ... ok
test semantic::assembly::tests::test_double_verb_error ... ok
test semantic::assembly::tests::test_gender_mismatch_ignored ... ok
test semantic::assembly::tests::test_full_boolean_or_expression ... ok
test semantic::assembly::tests::test_genitive_possession ... ok
test semantic::assembly::tests::test_immediate_agreement_failure_svo ... ok
test semantic::assembly::tests::test_immediate_agreement_failure_vso ... ok
test semantic::assembly::tests::test_imperative_mismatch ... ok
test semantic::assembly::tests::test_literals ... ok
test semantic::assembly::tests::test_max_arrays_exceeded ... ok
test semantic::assembly::tests::test_max_blocks_exceeded ... ok
test semantic::assembly::tests::test_max_index_accesses_exceeded ... ok
test semantic::assembler_tests::test_limit_string_method_properties ... ok
test semantic::assembly::tests::test_max_genitives_exceeded ... ok
test semantic::assembly::tests::test_max_literals_exceeded ... ok
test semantic::assembly::tests::test_max_nested_phrases_exceeded ... ok
test semantic::assembly::tests::test_max_adjectives_exceeded ... ok
test semantic::assembly::tests::test_max_participles_exceeded ... ok
test semantic::assembly::tests::test_max_operators_exceeded ... ok
test semantic::assembly::tests::test_max_nominatives_exceeded ... ok
test semantic::assembly::tests::test_max_unwraps_exceeded ... ok
test semantic::assembly::tests::test_neuter_plural_subject_first_person_verb ... ok
test semantic::assembly::tests::test_multiple_nominatives ... ok
test semantic::assembly::tests::test_neuter_plural_subject_singular_verb ... ok
test semantic::assembly::tests::test_operator_detection ... ok
test semantic::assembly::tests::test_silent_swallowing_of_unknown_case ... ok
test semantic::assembly::tests::test_simple_sov ... ok
test semantic::assembly::tests::test_max_property_accesses_exceeded ... ok
test semantic::assembly::tests::test_split_method_generation ... ok
test semantic::assembly::tests::test_subject_verb_person_agreement ... ok
test semantic::assembly::tests::test_try_create_string_method_invalid_literal_fallback ... ok
test semantic::assembly::tests::test_unknown_case_becomes_object_when_slot_empty ... ok
test semantic::assembly::tests::test_verb_constituent_has_voice ... ok
test semantic::classification_tests::test_classify_binding_fallback_participle ... ok
test semantic::classification_tests::test_classify_binding_false_participle ... ok
test semantic::assembly::tests::test_vso_same_result ... ok
test semantic::classification_tests::test_classify_binding_subject_object_swap ... ok
test semantic::classification_tests::test_classify_print_binary_op ... ok
test semantic::classification_tests::test_classify_print_index_access ... ok
test semantic::classification_tests::test_classify_print_default ... ok
test semantic::classification_tests::test_classify_print_property_access ... ok
test semantic::classification_tests::test_classify_print_unwrap ... ok
test semantic::classification_tests::test_classify_simple_binding ... ok
test semantic::control_flow::tests::test_check_conditional_start_true_word ... ok
test semantic::control_flow::tests::test_check_else_pattern_not_phrase ... ok
test semantic::control_flow::tests::test_check_else_pattern_in_expression_true ... ok
test semantic::control_flow::tests::test_check_conditional_start_true_phrase ... ok
test semantic::control_flow::tests::test_for_iteration_error_missing_collection ... ok
test semantic::control_flow::tests::test_for_iteration_error_not_phrase ... ok
test semantic::control_flow::tests::test_for_iteration_error_not_word ... ok
test semantic::control_flow::tests::test_parse_conditional_max_depth ... ok
test semantic::control_flow::tests::test_parse_conditional_binding_condition ... ok
test semantic::control_flow::tests::test_parse_conditional_else_branch ... ok
test semantic::control_flow::tests::test_parse_for_range_missing_body ... ok
test semantic::control_flow::tests::test_parse_while_loop_missing_body ... ok
test semantic::control_flow_coverage_tests::tests::test_match_expression_empty_arm_body ... ok
test semantic::control_flow::tests::test_parse_while_loop_success ... ok
test semantic::control_flow::tests::test_parse_conditional_elif_branch ... ok
test semantic::control_flow_coverage_tests::tests::test_match_expression_empty_clauses ... ok
test semantic::control_flow_coverage_tests::tests::test_parse_conditional_empty_then_body ... ok
test semantic::control_flow_coverage_tests::tests::test_parse_conditional_missing_body ... ok
test semantic::control_flow_coverage_tests::tests::test_parse_for_range_loop_empty_range_clause ... ok
test semantic::control_flow_coverage_tests::tests::test_match_expression_pattern_without_body ... ok
test semantic::control_flow_coverage_tests::tests::test_parse_for_range_loop_too_few_words ... ok
test semantic::control_flow_coverage_tests::tests::test_parse_while_loop_missing_body ... ok
test semantic::conversion::tests::test_classify_assertion_no_containment ... ok
test semantic::conversion::tests::test_classify_assertion_no_verb ... ok
test semantic::conversion::tests::test_classify_assertion_wrong_verb ... ok
test semantic::conversion::tests::test_classify_assertion_missing_subject ... ok
test semantic::conversion::tests::test_classify_collection_mutation_no_verb ... ok
test semantic::conversion::tests::test_classify_equality_assertion_missing_left_expr ... ok
test semantic::conversion::tests::test_classify_equality_assertion_no_verb ... ok
test semantic::conversion::tests::test_classify_equality_assertion_undefined_left_expr ... ok
test semantic::conversion::tests::test_classify_equality_assertion_missing_right_expr ... ok
test semantic::conversion::tests::test_classify_equality_assertion_wrong_verb ... ok
test semantic::conversion::tests::test_classify_expression_empty_exprs_propagate ... ok
test semantic::conversion::tests::test_classify_function_call_no_subject ... ok
test semantic::conversion::tests::test_classify_genitive_method_call_empty ... ok
test semantic::conversion::tests::test_classify_insert_missing_subject ... ok
test semantic::conversion::tests::test_classify_insert_no_args ... ok
test semantic::conversion::tests::test_classify_insert_object ... ok
test semantic::conversion::tests::test_classify_insert_wrong_verb ... ok
test semantic::conversion::tests::test_classify_pop_missing_subject ... ok
test semantic::conversion::tests::test_classify_pop_wrong_verb ... ok
test semantic::conversion::tests::test_classify_print_no_verb ... ok
test semantic::conversion::tests::test_classify_print_wrong_verb ... ok
test semantic::conversion::tests::test_classify_property_access_print_owner_not_in_scope ... ok
test semantic::conversion::tests::test_classify_property_access_print_owner_not_struct ... ok
test semantic::conversion::tests::test_classify_push_missing_subject ... ok
test semantic::conversion::tests::test_classify_push_wrong_verb ... ok
test semantic::conversion::tests::test_classify_query_containment_no_literal ... ok
test semantic::conversion::tests::test_classify_push_no_args ... ok
test semantic::conversion::tests::test_classify_subjunctive_comparison_no_subject ... ok
test semantic::conversion::tests::test_extract_binary_op_empty ... ok
test semantic::conversion::tests::test_extract_array_empty ... ok
test semantic::conversion::tests::test_extract_enum_from_nominatives_empty ... ok
test semantic::conversion::tests::test_extract_enum_from_subject_empty ... ok
test semantic::conversion::tests::test_extract_enum_from_object_empty ... ok
test semantic::conversion::tests::test_extract_genitive_method_empty ... ok
test semantic::conversion::tests::test_extract_index_access_empty ... ok
test semantic::conversion::tests::test_extract_literal_empty ... ok
test semantic::conversion::tests::test_extract_property_access_empty ... ok
test semantic::conversion::tests::test_extract_object_fallback_empty ... ok
test semantic::conversion::tests::test_extract_unwrap_empty ... ok
test semantic::conversion::tests::test_resolve_binding_target_false_participle ... ok
test semantic::conversion::tests::test_resolve_binding_target_no_subject_no_participle ... ok
test semantic::conversion::tests::test_resolve_binding_target_subject_object_no_swap ... ok
test semantic::conversion::tests::test_resolve_binding_target_no_subject_has_participle ... ok
test semantic::conversion::tests::test_resolve_binding_target_subject_object_swap ... ok
test semantic::conversion::tests::test_try_parse_genitive_method_call_method_already_defined ... ok
test semantic::conversion::tests::test_try_parse_genitive_method_call_no_genitives ... ok
test semantic::conversion::tests::test_try_parse_genitive_method_call_no_subject ... ok
test semantic::conversion::tests::test_try_parse_genitive_method_call_owner_not_found ... ok
test semantic::conversion::tests::test_try_print_index_access_empty ... ok
test semantic::conversion::tests::test_try_print_binary_op_empty ... ok
test semantic::conversion::tests::test_try_print_property_access_empty ... ok
test semantic::conversion::tests::test_try_print_unwrap_empty ... ok
test semantic::conversion_tests::test_classify_insert_map ... ok
test semantic::conversion_tests::test_classify_insert_set ... ok
test semantic::conversion_tests::test_classify_pop ... ok
test semantic::conversion_tests::test_classify_push_default ... ok
test semantic::conversion_tests::test_classify_push_object ... ok
test semantic::conversion_tests::test_classify_push_literal ... ok
test semantic::conversion_tests::test_default_case ... ok
test semantic::conversion_tests::test_extract_binary_op_nominative_and_nominative ... ok
test semantic::conversion_tests::test_extract_binary_op_object_and_literal ... ok
test semantic::conversion_tests::test_extract_binary_op_object_and_nominative ... ok
test semantic::conversion_tests::test_extract_err ... ok
test semantic::conversion_tests::test_extract_literal ... ok
test semantic::conversion_tests::test_extract_object_none ... ok
test semantic::conversion_tests::test_extract_object_numeral ... ok
test semantic::conversion_tests::test_extract_object_some ... ok
test semantic::conversion_tests::test_extract_object_variable ... ok
test semantic::conversion_tests::test_extract_ok ... ok
test semantic::conversion_tests::test_extract_subject_none ... ok
test semantic::conversion_tests::test_extract_unwrap ... ok
test semantic::conversion_tests::test_extract_subject_some ... ok
test semantic::declarations::tests::test_check_recursive_type ... ok
test semantic::expressions::regression_tests::test_dropped_operator_regression ... ok
test semantic::expressions::tests::test_analyze_argument_expr_errors_on_block_with_empty_clause ... ok
test semantic::expressions::tests::test_analyze_argument_expr_errors_on_empty_block ... ok
test semantic::expressions::tests::test_analyze_argument_expr_errors_on_empty_phrase ... ok
test semantic::expressions::tests::test_analyze_argument_expr_errors_on_invalid_block_structure ... ok
test semantic::expressions::tests::test_analyze_argument_expr_errors_on_invalid_property ... ok
test semantic::expressions::tests::test_analyze_argument_expr_handles_array ... ok
test semantic::expressions::tests::test_analyze_argument_expr_handles_block ... ok
test semantic::expressions::tests::test_analyze_argument_expr_handles_binop ... ok
test semantic::expressions::tests::test_analyze_argument_expr_handles_function_call ... ok
test semantic::expressions::tests::test_analyze_argument_expr_handles_index_access ... ok
test semantic::expressions::tests::test_analyze_argument_expr_handles_phrase_recursion ... ok
test semantic::expressions::tests::test_analyze_argument_expr_handles_property_access ... ok
test semantic::expressions::tests::test_analyze_argument_expr_propagates_error_in_array ... ok
test semantic::expressions::tests::test_analyze_argument_expr_handles_unwrap ... ok
test semantic::expressions::tests::test_analyze_argument_expr_propagates_error_in_function_args ... ok
test semantic::expressions::tests::test_analyze_argument_expr_propagates_error_in_binop ... ok
test semantic::expressions::tests::test_analyze_argument_expr_propagates_error_in_index_access ... ok
test semantic::expressions::tests::test_analyze_argument_expr_propagates_error_in_property_owner ... ok
test semantic::expressions::tests::test_analyze_argument_expr_propagates_error_in_unary_op ... ok
test semantic::expressions::tests::test_build_expressions_insufficient_literals ... ok
test semantic::expressions::tests::test_build_expressions_preserves_literals ... ok
test semantic::expressions::tests::test_backtracking_failure_propagates_error ... ok
test semantic::expressions::tests::test_dropped_operator ... ok
test semantic::expressions::tests::test_dropped_operator_insufficient_literals ... ok
test semantic::expressions::tests::test_phrase_errors_on_multiple_terms ... ok
test semantic::expressions::tests::test_recursion_limit_expression_analysis ... ok
test semantic::expressions::tests::test_vso_ambiguity_resolution ... ok
test semantic::patterns::coverage_tests::test_detect_iterator_pattern_any ... ok
test semantic::patterns::coverage_tests::test_detect_iterator_pattern_filter ... ok
test semantic::patterns::coverage_tests::test_detect_iterator_pattern_find ... ok
test semantic::patterns::coverage_tests::test_try_parse_struct_instantiation_empty_terms ... ok
test semantic::patterns::tests::test_extract_comparison_value_lemma ... ok
test semantic::patterns::tests::test_extract_comparison_value_fallback ... ok
test semantic::patterns::tests::test_extract_comparison_value_original ... ok
test semantic::patterns::tests::test_extract_comparison_value_stripped ... ok
test semantic::patterns::tests::test_process_fold_participle_unsupported_op_fallback ... ok
test semantic::patterns::tests::test_try_parse_struct_instantiation_non_struct_type ... ok
test semantic::property_access_tests::test_property_access_on_accusative_owner ... ok
test semantic::property_access_tests::test_nested_property_access ... ok
test semantic::recursion_safety_tests::test_check_safety_binding_recursion ... ok
test semantic::recursion_safety_tests::test_check_safety_binop_recursion_left ... ok
test semantic::recursion_safety_tests::test_check_safety_binop_recursion_right ... ok
test semantic::recursion_safety_tests::test_check_safety_array_recursion ... ok
test semantic::recursion_safety_tests::test_check_safety_call_recursion ... ok
test semantic::recursion_safety_tests::test_check_safety_index_access_recursion_array ... ok
test semantic::recursion_safety_tests::test_check_safety_index_access_recursion_index ... ok
test semantic::recursion_safety_tests::test_check_safety_unary_op_recursion ... ok
test semantic::recursion_safety_tests::test_check_safety_phrase_recursion ... ok
test semantic::resolver::tests::test_child_scope_inherits ... ok
test semantic::resolver::tests::test_child_scope_shadows ... ok
test semantic::resolver::tests::test_enter_exit_scope ... ok
test semantic::resolver::tests::test_enter_shadowing ... ok
test semantic::resolver::tests::test_lookup_binding_immutable ... ok
test semantic::resolver::tests::test_lookup_binding_not_found ... ok
test semantic::resolver::tests::test_lookup_binding_parent_scope ... ok
test semantic::resolver::tests::test_lookup_binding_returns_full_binding ... ok
test semantic::resolver::tests::test_mark_used ... ok
test semantic::resolver::tests::test_mutable_binding ... ok
test semantic::resolver::tests::test_scope_define_and_lookup ... ok
test semantic::resolver::tests::test_scope_exit_underflow_protection ... ok
test semantic::resolver::tests::test_scope_function_coverage ... ok
test semantic::resolver::tests::test_scope_mixed_namespace_collisions ... ok
test semantic::resolver::tests::test_scope_trait_coverage ... ok
test semantic::resolver::tests::test_scope_type_coverage ... ok
test semantic::resolver::tests::test_shadowing_across_types ... ok
test semantic::resolver::tests::test_unused_bindings ... ok
test semantic::sentry_conversion_tests::test_assignment_to_immutable_variable_returns_error ... ok
test semantic::sentry_conversion_tests::test_extract_value_array_literal ... ok
test semantic::sentry_conversion_tests::test_assignment_without_value_returns_error ... ok
test semantic::sentry_conversion_tests::test_binding_subject_object_swap ... ok
test semantic::sentry_conversion_tests::test_binding_with_propagate ... ok
test semantic::sentry_conversion_tests::test_extract_value_complex_binary_op_fallback ... ok
test semantic::sentry_conversion_tests::test_extract_value_complex_binary_op_two_nominatives ... ok
test semantic::sentry_conversion_tests::test_extract_value_from_block ... ok
test semantic::sentry_conversion_tests::test_extract_value_from_nested_phrase ... ok
test semantic::sentry_conversion_tests::test_extract_value_property_access ... ok
test semantic::sentry_conversion_tests::test_subjunctive_comparison ... ok
test semantic::sentry_conversion_tests::test_extract_value_index_access ... ok
test semantic::sentry_conversion_tests::test_try_parse_genitive_method_call_extraction ... ok
test semantic::tests::test_analyze_number_literal ... ok
test semantic::tests::test_analyze_hello ... ok
test semantic::tests::test_analyze_binding ... ok
test semantic::tests::test_analyze_string_literal ... ok
test semantic::types::tests::test_detect_collection_type_full ... ok
test semantic::types::tests::test_display_formatting ... ok
test semantic::types::tests::test_format_function_type_multiple_params ... ok
test semantic::types::tests::test_type_compatibility ... ok
test semantic::validation::tests::test_expr_depth_limit ... ok
test semantic::types::tests::test_type_to_greek_full ... ok
test semantic::validation::tests::test_return_statement_depth ... ok
test semantic::tests::test_analyze_variable_use ... ok
test semantic::validation::tests::test_statement_depth_limit ... ok
test text::tests::test_normalize_anthropos ... ok
test text::tests::test_normalize_athenai ... ok
test text::tests::test_normalize_case_insensitive ... ok
test text::tests::test_normalize_circumflex ... ok
test text::tests::test_normalize_chaire ... ok
test text::tests::test_normalize_esto ... ok
test text::tests::test_normalize_diacritics_with_sigma ... ok
test text::tests::test_normalize_genitive_ending ... ok
test text::tests::test_normalize_iota_subscript ... ok
test text::tests::test_normalize_lege ... ok
test text::tests::test_normalize_meizon ... ok
test text::tests::test_normalize_mixed_text ... ok
test text::tests::test_normalize_or_particle ... ok
test text::tests::test_normalize_preserves_base_letters ... ok
test text::tests::test_normalize_rough_breathing ... ok
test text::tests::test_normalize_sigma_cases ... ok
test text::tests::test_normalize_subjunctive_eimi ... ok
test tools::alchemist::tests::test_transpile_arithmetic ... ok
test tools::alchemist::tests::test_run_alchemist_parse_error ... ok
test tools::alchemist::tests::test_run_alchemist_semantic_error ... ok
test tools::alchemist::tests::test_transpile_function ... ok
test tools::alchemist::tests::test_run_alchemist_file_too_large ... ok
test tools::alchemist::tests::test_transpile_print ... ok
test tools::alchemist::tests::test_transpile_if ... ok
test tools::alchemist::tests::test_transpile_variables ... ok
test tools::auditor::tests::test_auditor_unused_mut ... ok
test tools::auditor::tests::test_auditor_visitor_coverage_expressions ... ok
test tools::auditor::tests::test_auditor_unused_var ... ok
test tools::auditor::tests::test_auditor_visitor_coverage_statements ... ok
test tools::cache::tests::should_generate_consistent_cache_key_for_same_path ... ok
test tools::cache::tests::test_cache_default ... ok
test tools::cache::tests::should_invalidate_when_exe_or_source_missing ... ok
test tools::cache::tests::test_cache_with_dirs_fallback ... ok
test tools::cartographer::tests::test_cartographer_complex_dependencies ... ok
test tools::cartographer::tests::test_cartographer_complex_methods ... ok
test tools::cartographer::tests::test_cartographer_basic_struct ... ok
test tools::cartographer::tests::test_cartographer_filtering ... ok
test tools::cartographer::tests::test_cartographer_relationships ... ok
test tools::cartographer::tests::test_cartographer_trait_impl ... ok
test tools::cartographer::tests::test_run_map_file_not_found ... ok
test tools::cartographer::tests::test_run_map_parse_error ... ok
test tools::cartographer::tests::test_run_map_empty_diagram ... ok
test tools::cartographer::tests::test_run_map_semantic_error ... ok
test tools::cartographer::tests::test_run_map_success ... ok
test tools::dictionary::tests::test_lookup_known_word ... ok
test tools::dictionary::tests::test_lookup_unknown_word ... ok
test tools::dictionary::tests::test_lookup_verb ... ok
test tools::ephor::tests::test_ephor_basic_compile ... ok
test tools::highlight::tests::test_highlight_all_binops ... ok
test tools::dictionary::tests::test_lookup_word_without_rust_equiv ... ok
test tools::highlight::tests::test_highlight_array_literal ... ok
test tools::highlight::tests::test_highlight_article_context ... ok
test tools::highlight::tests::test_highlight_binding ... ok
test tools::highlight::tests::test_highlight_binop ... ok
test tools::highlight::tests::test_highlight_block ... ok
test tools::highlight::tests::test_highlight_boolean_literal ... ok
test tools::highlight::tests::test_highlight_clause_separator ... ok
test tools::highlight::tests::test_highlight_complex_nested ... ok
test tools::highlight::tests::test_highlight_dative ... ok
test tools::highlight::tests::test_highlight_definitions ... ok
test tools::highlight::tests::test_highlight_error ... ok
test tools::highlight::tests::test_highlight_definitions_formatting ... ok
test tools::highlight::tests::test_highlight_function_call ... ok
test tools::highlight::tests::test_highlight_index_access ... ok
test tools::highlight::tests::test_highlight_nested_phrase ... ok
test tools::highlight::tests::test_highlight_multiple_statements ... ok
test tools::highlight::tests::test_highlight_number_literal ... ok
test tools::highlight::tests::test_highlight_participle ... ok
test tools::highlight::tests::test_highlight_pos_variants ... ok
test tools::highlight::tests::test_highlight_phrase ... ok
test tools::highlight::tests::test_highlight_propagate ... ok
test tools::highlight::tests::test_highlight_property_access ... ok
test tools::highlight::tests::test_highlight_query ... ok
test tools::highlight::tests::test_highlight_string_injection ... ok
test tools::highlight::tests::test_highlight_simple_sentence ... ok
test tools::highlight::tests::test_highlight_string_literal ... ok
test tools::highlight::tests::test_highlight_test_declaration ... ok
test tools::highlight::tests::test_highlight_trait_impl ... ok
test tools::highlight::tests::test_highlight_unary_neg ... ok
test tools::highlight::tests::test_highlight_unary_op ... ok
test tools::highlight::tests::test_highlight_vocative_and_adjective ... ok
test tools::highlight::tests::test_manual_ast_nodes ... ok
test tools::interpreter::tests::test_default_impl ... ok
test tools::interpreter::tests::test_boolean_logic ... ok
test tools::interpreter::tests::test_division_by_zero ... ok
test tools::interpreter::tests::test_eval_binary_op ... ok
test tools::interpreter::tests::test_eval_arithmetic ... ok
test tools::interpreter::tests::test_eval_expression_statement ... ok
test tools::interpreter::tests::test_eval_unary_op ... ok
test tools::interpreter::tests::test_eval_literals ... ok
test tools::interpreter::tests::test_not_implemented_expression ... ok
test tools::interpreter::tests::test_modulo_by_zero ... ok
test tools::interpreter::tests::test_not_implemented_statement ... ok
test tools::interpreter::tests::test_value_display ... ok
test tools::interpreter::tests::test_variable_binding ... ok
test tools::interpreter::tests::test_variable_not_found ... ok
test tools::interpreter::tests::test_variable_assignment ... ok
test tools::labyrinth::tests::test_generate_cfg_all_arms ... ok
test tools::labyrinth::test_run_labyrinth_errors ... ok
test tools::mentor::tests::test_lesson_1_verification ... ok
test tools::mentor::tests::test_lesson_2_verification ... ok
test tools::mentor::tests::test_mentor_empty_input ... ok
test tools::mentor::tests::test_lesson_3_verification ... ok
test tools::mentor::tests::test_mentor_eof ... ok
test tools::mentor::tests::test_mentor_quit_command ... ok
test tools::mentor::tests::test_mentor_semantic_failure ... ok
test tools::mentor::tests::test_mentor_skip_command ... ok
test tools::mentor::tests::test_mentor_syntax_error ... ok
test tools::mosaic::tests::test_mosaic_error_and_missing_subject ... ok
test tools::mentor::tests::test_run_mentor_inner_flow ... ok
test tools::mosaic::tests::test_mosaic_non_regular ... ok
test tools::mosaic::tests::test_mosaic_output ... ok
test tools::mosaic::tests::test_mosaic_multiple_elements_and_other_decls ... ok
test tools::mosaic::tests::test_run_mosaic ... ok
test tools::narrator::tests::test_bard_basic ... ok
test tools::mosaic::tests::test_run_mosaic_error ... ok
test tools::narrator::tests::test_tell_expr_all_variants ... ok
test tools::narrator::tests::test_bard_print ... ok
test tools::narrator::tests::test_tell_statement_all_variants ... ok
test tools::papyrus::tests::test_glossa_type_to_sql ... ok
test tools::repl::tests::test_print_banner_coverage ... ok
test tools::repl::tests::test_print_help_coverage ... ok
test tools::repl::tests::test_print_env_empty ... ok
test tools::repl::tests::test_repl_env_coverage ... ok
test tools::repl::tests::test_repl_execute_variants ... ok
test tools::repl::tests::test_repl_output_display ... ok
test tools::repl::tests::test_repl_source_limit ... ok
test tools::repl::tests::test_run_repl_inner_eof ... ok
test tools::repl::tests::test_run_repl_inner_error_output ... ok
test tools::repl::tests::test_run_repl_inner_help ... ok
test tools::repl::tests::test_run_repl_inner_workflow ... ok
test tools::report::tests::test_compilation_report_coverage ... ok
test tools::report::tests::test_program_stats_coverage ... ok
test tools::report::tests::test_report_generation_coverage ... ok
test tools::report::tests::test_report_manual_ast_coverage ... ok
test tools::runner::tests::test_bard_file_valid ... ok
test tools::runner::tests::test_build_file_output_directory_error ... ok
test tools::runner::tests::test_build_file_size_limit ... ok
test tools::runner::tests::test_build_file_success ... ok
test tools::runner::tests::test_check_file_valid ... ok
test tools::runner::tests::test_compile_binding ... ok
test tools::runner::tests::test_compile_full_program ... ok
test tools::runner::tests::test_compile_hello ... ok
test tools::runner::tests::test_file_size_check_internal ... ok
test tools::runner::tests::test_highlight_file_valid ... ok
test tools::runner::tests::test_load_source_directory_error ... ok
test tools::cache::tests::should_be_valid_when_exe_is_newer_than_source ... ok
test tools::cache::tests::should_invalidate_when_exe_is_older_than_source ... ok
test tools::runner::tests::test_report_file_valid ... ok
test tools::runner::tests::test_run_compile_error ... ok
test tools::runner::tests::test_run_file_size_limit ... ok
test tools::runner::tests::test_run_file_rustc_missing ... ok
test tools::runner::tests::test_ui_error_cleanup_invalid_syntax ... ok
test tools::runner::tests::test_ui_error_cleanup_missing_file ... ok
test tools::tester::additional_sentry_tests::test_parse_test_output_empty_parts ... ok
test tools::tester::tests::test_extract_failures_basic ... ok
test tools::tester::tests::test_extract_failures_edge_cases ... ok
test tools::tester::tests::test_extract_failures_multiple ... ok
test tools::tester::tests::test_parse_output_basic ... ok
test tools::tester::tests::test_parse_output_failure ... ok
test tools::tester::tests::test_parse_output_ignored ... ok
test tools::tester::tests::test_parse_test_output_edge_cases ... ok
test tools::tester::tests::test_run_tests_rustc_missing ... ok
test tools::tester::tests_failures::test_extract_failures_no_matching_start ... ok
test tools::tester::tests_failures::test_extract_failures_simple_panic ... ok
test tools::tester::tests_failures::test_extract_failures_with_empty_output ... ok
test tools::tester::tests_failures::test_extract_failures_without_actual_failures ... ok
test tools::tester::tests_failures::test_parse_test_output_various_parts ... ok
test tools::tester::tests_failures::test_run_tests_parse_error ... ok
test tools::tester::tests_failures::test_run_tests_semantic_error ... ok
test tools::ui::tests::test_status_custom_symbol ... ok
[?25l[?25htest tools::ui::tests::test_status_drop ... ok
test tools::ui::tests::test_status_no_tty_error ... ok
test tools::ui::tests::test_status_no_tty_success ... ok
test tools::ui::tests::test_status_no_tty_update ... ok
[?25l[K[?25htest tools::ui::tests::test_status_tty_error ... ok
[?25l[K[?25htest tools::ui::tests::test_status_tty_success ... ok
[?25l[K[K[?25htest tools::ui::tests::test_status_tty_update ... ok
test tools::ui::tests::test_status_update_inactive ... ok
test tools::weave::tests::test_run_weave_file_error ... ok
test tools::weave::tests::test_run_weave_file_not_found ... ok
test tools::weave::tests::test_run_weave_file_too_large ... ok
test tools::weave::tests::test_run_weave_parse_error ... ok
test tools::weave::tests::test_run_weave_semantic_error ... ok
test tools::weave::tests::test_run_weave_success ... ok
test tools::runner::tests::test_run_rustc_error ... ok
test tools::repl::tests::test_repl_binding_limit ... ok
test
test
test tools::runner::tests::test_run_file_success ... ok

test result: ok. 616 passed; 0 failed; 0 ignored; 0 measured; 0 filtered out; finished in 0.32s

     Running unittests src/main.rs (target/debug/deps/glossa-750df5f1b6c3b840)

running 0 tests

test result: ok. 0 passed; 0 failed; 0 ignored; 0 measured; 0 filtered out; finished in 0.00s

     Running tests/alchemist_coverage.rs (target/debug/deps/alchemist_coverage-8e7a55496cfecbb5)

running 2 tests
test test_alchemist_coverage ... ok
test test_run_alchemist ... ok

test result: ok. 2 passed; 0 failed; 0 ignored; 0 measured; 0 filtered out; finished in 0.00s

     Running tests/ast_coverage_tests.rs (target/debug/deps/ast_coverage_tests-fb9f9aceeb9d0285)

running 9 tests
test test_expr_clone ... ok
test test_expr_debug_formatting ... ok
test test_expr_drop ... ok
test test_program_debug_formatting ... ok
test test_expr_eq_different_types ... ok
test test_expr_eq_same_variants_different_data ... ok
test test_statement_methods ... ok
test test_statement_debug_formatting ... ok
test test_deep_expr_drop ... ok

test result: ok. 9 passed; 0 failed; 0 ignored; 0 measured; 0 filtered out; finished in 0.00s

     Running tests/codegen_coverage.rs (target/debug/deps/codegen_coverage-4effc6e3d0478ff0)

running 8 tests
test test_generate_collection_array_optimization ... ok
test test_generate_function_call_optimization ... ok
test test_generate_closure_optimization ... ok
test test_generate_method_call_optimization ... ok
test test_generate_print_optimization ... ok
test test_generate_trait_method_call_optimization ... ok
test test_generate_unary_op_optimization ... ok
test test_generate_statement_expression_optimization ... ok

test result: ok. 8 passed; 0 failed; 0 ignored; 0 measured; 0 filtered out; finished in 0.00s

     Running tests/codegen_optimizations.rs (target/debug/deps/codegen_optimizations-2d1416265c0b0a5a)

running 1 test
test test_print_optimization_compile_time_format ... ok

test result: ok. 1 passed; 0 failed; 0 ignored; 0 measured; 0 filtered out; finished in 0.00s

     Running tests/collection_tests.rs (target/debug/deps/collection_tests-3ddc6e07e7c904ce)

running 27 tests
test test_codegen_empty_array ... ok
test test_array_iteration ... ok
test test_array_iteration_with_body ... ok
test test_codegen_array_literal ... ok
test test_hashmap_contains_key ... ok
test test_hashset_contains ... ok
test test_hashmap_insert ... ok
test test_hashmap_get ... ok
test test_hashset_insert ... ok
test test_hashset_insert_string ... ok
test test_numeric_index_expression ... ok
test test_length_multiple ... ok
test test_length_property ... ok
test test_numeric_index ... ok
test test_ordinal_index_second ... ok
test test_ordinal_index_first ... ok
test test_ordinal_index_third ... ok
test test_parse_array_literal ... ok
test test_parse_array_with_variables ... ok
test test_parse_empty_array ... ok
test test_pop_multiple ... ok
test test_pop_operation ... ok
test test_push_multiple ... ok
test test_push_operation ... ok
test test_string_contains ... ok
test test_string_join ... ok
test test_string_split ... ok

test result: ok. 27 passed; 0 failed; 0 ignored; 0 measured; 0 filtered out; finished in 0.01s

     Running tests/compile_tests.rs (target/debug/deps/compile_tests-486135c06d294659)

running 14 tests
test test_assignment_missing_value_error ... ok
test test_assignment_codegen ... ok
test test_hello_cosmos ... ok
test test_array_index_codegen ... ok
test test_greek_numeral_word ... ok
test test_immutable_assignment_error ... ok
test test_multiple_statements ... ok
test test_mutable_binding ... ok
test test_number_literal ... ok
test test_mutable_binding_and_reassignment ... ok
test test_preserves_greek_in_strings ... ok
test test_undefined_assignment_error ... ok
test test_variable_binding ... ok
test test_variable_binding_and_use ... ok

test result: ok. 14 passed; 0 failed; 0 ignored; 0 measured; 0 filtered out; finished in 0.01s

     Running tests/control_flow_tests.rs (target/debug/deps/control_flow_tests-192c560a871de950)

running 21 tests
test test_comparison_with_genitive ... ok
test test_block_in_while_loop ... ok
test test_continue ... ok
test test_break ... ok
test test_for_iteration_errors ... ok
test test_for_iteration ... ok
test test_ean_conditional ... ok
test test_for_range_inclusive ... ok
test test_for_range_exclusive ... ok
test test_lexicon_conditional_particles ... ok
test test_lexicon_loop_control ... ok
test test_lexicon_loop_particles ... ok
test test_if_else ... ok
test test_if_elif_else ... ok
test test_lexicon_else_particle ... ok
test test_lexicon_match_particle ... ok
test test_simple_if ... ok
test test_subjunctive_verb_form ... ok
test test_match_basic ... ok
test test_match_wildcard ... ok
test test_while_loop ... ok

test result: ok. 21 passed; 0 failed; 0 ignored; 0 measured; 0 filtered out; finished in 0.01s

     Running tests/coverage_perfect_fold.rs (target/debug/deps/coverage_perfect_fold-1120a2355d1bc978)

running 1 test
test test_perfect_fold_coverage ... ok

test result: ok. 1 passed; 0 failed; 0 ignored; 0 measured; 0 filtered out; finished in 0.00s

     Running tests/coverage_perfect_participle.rs (target/debug/deps/coverage_perfect_participle-d1d8e4ea2b03a0f1)

running 1 test
test test_perfect_passive_map_coverage ... ok

test result: ok. 1 passed; 0 failed; 0 ignored; 0 measured; 0 filtered out; finished in 0.00s

     Running tests/expression_coverage.rs (target/debug/deps/expression_coverage-6683d7afa776fa07)

running 10 tests
test test_checked_arithmetic_codegen ... ok
test test_excess_operators_error - should panic ... ok
test test_dangling_propagation ... ok
test test_dangling_operator_ignored ... ok
test test_operator_without_subject_ignored ... ok
test test_expression_propagation ... ok
test test_operator_only_ignored ... ok
test test_standalone_subject_op_literal ... ok
test test_standalone_subject_op_nominative ... ok
test test_standalone_subject_op_object ... ok

test result: ok. 10 passed; 0 failed; 0 ignored; 0 measured; 0 filtered out; finished in 0.00s

     Running tests/forge_control_flow_coverage.rs (target/debug/deps/forge_control_flow_coverage-c83c0771a83613a8)

running 4 tests
test test_parse_for_range_loop_missing_word ... ok
test test_parse_for_range_loop_variable_resolution ... ok
test test_parse_for_range_loop_missing_word_end ... ok
test test_parse_for_range_loop_empty_range_clause_proper ... ok

test result: ok. 4 passed; 0 failed; 0 ignored; 0 measured; 0 filtered out; finished in 0.00s

     Running tests/function_tests.rs (target/debug/deps/function_tests-9503ee6a584fc670)

running 11 tests
test test_empty_return ... ok
test test_codegen_function_keyword ... ok
test test_function_call ... ok
test test_function_local_variables ... ok
test test_function_with_two_params ... ok
test test_function_typed_params ... ok
test test_nested_calls ... ok
test test_parse_simple_function_no_params ... ok
test test_parameter_shadowing ... ok
test test_simple_return ... ok
test test_return_type_inference ... ok

test result: ok. 11 passed; 0 failed; 0 ignored; 0 measured; 0 filtered out; finished in 0.01s

     Running tests/havoc.rs (target/debug/deps/havoc-4e7d9cd848c15d88)

running 3 tests
test test_huge_numeral_overflow_attempt ... ok
test fuzz_numerals ... ok
test fuzz_parser ... ok

test result: ok. 3 passed; 0 failed; 0 ignored; 0 measured; 0 filtered out; finished in 0.32s

     Running tests/havoc_clone_drop.rs (target/debug/deps/havoc_clone_drop-d5a2fa3906496e6f)

running 1 test
test test_clone_stack_overflow ... ok

test result: ok. 1 passed; 0 failed; 0 ignored; 0 measured; 0 filtered out; finished in 0.34s

     Running tests/havoc_codegen_stack_overflow.rs (target/debug/deps/havoc_codegen_stack_overflow-83f006ac8f2a2de4)

running 1 test
test test_codegen_deep_ast_overflow ... ignored, Demonstrates a SIGABRT stack overflow when directly generating code for deeply nested ASTs

test result: ok. 0 passed; 0 failed; 1 ignored; 0 measured; 0 filtered out; finished in 0.00s

     Running tests/havoc_coverage.rs (target/debug/deps/havoc_coverage-a2170f432dec836f)

running 6 tests
test test_binop_recursion_coverage ... ok
test test_phrase_recursion_coverage ... ok
test test_binding_recursion_coverage ... ok
test test_call_recursion_coverage ... ok
test test_property_access_recursion_happy_path ... ok
test test_unaryop_recursion_coverage ... ok

test result: ok. 6 passed; 0 failed; 0 ignored; 0 measured; 0 filtered out; finished in 0.00s

     Running tests/havoc_debug_crash.rs (target/debug/deps/havoc_debug_crash-32c965705eaf6f2d)

running 1 test

running 1 test
Formatting deep expression (depth 50000)...
Survived and mitigated!
test havoc_crash_debug_stack_overflow ... ok

test result: ok. 1 passed; 0 failed; 0 ignored; 0 measured; 0 filtered out; finished in 0.10s

     Running tests/havoc_debug_crash_type.rs (target/debug/deps/havoc_debug_crash_type-94b91dc339635da7)

running 2 tests
test test_glossa_type_debug_coverage ... ok

running 1 test
Formatting deep expression (depth 50000)...
Survived and mitigated!
test havoc_crash_debug_stack_overflow_glossa_type ... ok

test result: ok. 2 passed; 0 failed; 0 ignored; 0 measured; 0 filtered out; finished in 0.11s

     Running tests/havoc_deep_ast.rs (target/debug/deps/havoc_deep_ast-5dfd4782da7d0ada)

running 2 tests

running 1 test
test test_analyzed_expr_clone_overflow ...
running 1 test
test test_analyzed_expr_drop_overflow ...
thread 'test_analyzed_expr_clone_overflow' (225486) has overflowed its stack
fatal runtime error: stack overflow, aborting

thread 'test_analyzed_expr_drop_overflow' (225487) has overflowed its stack
fatal runtime error: stack overflow, aborting
test test_analyzed_expr_clone_overflow ... ok
test test_analyzed_expr_drop_overflow ... ok

test result: ok. 2 passed; 0 failed; 0 ignored; 0 measured; 0 filtered out; finished in 0.01s

     Running tests/havoc_disambiguation_panic.rs (target/debug/deps/havoc_disambiguation_panic-60a535e186e4b7dc)

running 1 test
test test_disambiguate_nan_panic ... ok

test result: ok. 1 passed; 0 failed; 0 ignored; 0 measured; 0 filtered out; finished in 0.00s

     Running tests/havoc_dos.rs (target/debug/deps/havoc_dos-22b48069d63e82b4)

running 1 test
test test_dos_dev_zero ... ok

test result: ok. 1 passed; 0 failed; 0 ignored; 0 measured; 0 filtered out; finished in 0.00s

     Running tests/havoc_dos_ast.rs (target/debug/deps/havoc_dos_ast-c09151a59620e93d)

running 3 tests
test test_ast_semantic_massive_chain_no_panic ... ok
test test_ast_eq_massive_chain_no_panic ... ok
test test_ast_clone_no_overflow ... ok

test result: ok. 3 passed; 0 failed; 0 ignored; 0 measured; 0 filtered out; finished in 4.76s

     Running tests/havoc_dos_unicode.rs (target/debug/deps/havoc_dos_unicode-7ee7752aec7a1b65)

running 3 tests
test test_normalize_greek_fuzz_sigma ... ok
test test_normalize_greek_heavy_normalization ... ok
test test_normalize_greek_massive_string ... ok

test result: ok. 3 passed; 0 failed; 0 ignored; 0 measured; 0 filtered out; finished in 2.17s

     Running tests/havoc_elif_overflow.rs (target/debug/deps/havoc_elif_overflow-8bad375859c83fc4)

running 1 test
test test_elif_chain_stack_overflow ... ok

test result: ok. 1 passed; 0 failed; 0 ignored; 0 measured; 0 filtered out; finished in 0.41s

     Running tests/havoc_feed_recursion.rs (target/debug/deps/havoc_feed_recursion-a580deb133380901)

running 1 test
test test_property_access_stack_overflow ... ok

test result: ok. 1 passed; 0 failed; 0 ignored; 0 measured; 0 filtered out; finished in 0.02s

     Running tests/havoc_fuzz.rs (target/debug/deps/havoc_fuzz-7fcd3f52a7eb54d1)

running 3 tests
test fuzz_parser_structured ... ok
test fuzz_parser ... ok
test fuzz_semantic_validish_source ... ok

test result: ok. 3 passed; 0 failed; 0 ignored; 0 measured; 0 filtered out; finished in 0.14s

     Running tests/havoc_fuzz_assembler.rs (target/debug/deps/havoc_fuzz_assembler-ba44563a003cd002)

running 2 tests
test test_assembler_no_panic ... ok
test test_assembler_full_panic ... ok

test result: ok. 2 passed; 0 failed; 0 ignored; 0 measured; 0 filtered out; finished in 0.49s

     Running tests/havoc_limits.rs (target/debug/deps/havoc_limits-bd4eeb7b61630e0a)

running 12 tests
test test_limit_arrays ... ok
test test_limit_blocks ... ok
test test_limit_literals ... ok
test test_limit_nested_phrases ... ok
test test_limit_genitives ... ok
test test_limit_adjectives ... ok
test test_limit_operators ... ok
test test_limit_nominatives ... ok
test test_limit_participles ... ok
test test_limit_unwraps ... ok
test test_limit_index_accesses_via_ordinals ... ok
test test_limit_property_accesses ... ok

test result: ok. 12 passed; 0 failed; 0 ignored; 0 measured; 0 filtered out; finished in 0.01s

     Running tests/havoc_nested_tests.rs (target/debug/deps/havoc_nested_tests-dddb446daa93fc90)

running 1 test
test tests::test_deeply_nested_tests_dos ... ok

test result: ok. 1 passed; 0 failed; 0 ignored; 0 measured; 0 filtered out; finished in 0.01s

     Running tests/havoc_operator_stress.rs (target/debug/deps/havoc_operator_stress-b04cbbf3d9e86452)

running 1 test
test test_stack_overflow_in_drop ... ok

test result: ok. 1 passed; 0 failed; 0 ignored; 0 measured; 0 filtered out; finished in 34.41s

     Running tests/havoc_overflow.rs (target/debug/deps/havoc_overflow-5195ad68334b43aa)

running 1 test
test test_stack_overflow_mitigation ... ok

test result: ok. 1 passed; 0 failed; 0 ignored; 0 measured; 0 filtered out; finished in 0.04s

     Running tests/havoc_pest_recursion_depth.rs (target/debug/deps/havoc_pest_recursion_depth-1c5b9cc0b53a2561)

running 2 tests
test havoc_does_not_crash_on_extreme_paren_nesting ... ok
test havoc_does_not_crash_on_extreme_block_nesting ... ok

test result: ok. 2 passed; 0 failed; 0 ignored; 0 measured; 0 filtered out; finished in 0.00s

     Running tests/havoc_proptest_lexicon.rs (target/debug/deps/havoc_proptest_lexicon-633b32c9a09cd5ee)

running 1 test
test test_lexicon_lookup_no_panic ... ok

test result: ok. 1 passed; 0 failed; 0 ignored; 0 measured; 0 filtered out; finished in 0.02s

     Running tests/havoc_proptest_limits.rs (target/debug/deps/havoc_proptest_limits-a5c1c6447b15ed8d)

running 2 tests
test test_deep_ast_no_overflow ... ok
test test_deep_ast_index_access_no_overflow ... ok

test result: ok. 2 passed; 0 failed; 0 ignored; 0 measured; 0 filtered out; finished in 1.70s

     Running tests/havoc_proptest_memoize.rs (target/debug/deps/havoc_proptest_memoize-1b70f3dea4b7bc29)

running 1 test
test test_memoize_arguments_panic ... ok

test result: ok. 1 passed; 0 failed; 0 ignored; 0 measured; 0 filtered out; finished in 0.07s

     Running tests/havoc_proptest_normalization.rs (target/debug/deps/havoc_proptest_normalization-11435836550ca4c9)

running 12 tests
test test_analyze_participle_no_panic ... ok
test test_analyze_noun_no_panic ... ok
test test_analyze_article_no_panic ... ok
test test_analyze_verb_no_panic ... ok
test test_assembler_feed_string_no_panic ... ok
test test_detect_collection_type_no_panic ... ok
test test_get_stem_no_panic ... ok
test test_highlight_no_panic ... ok
test test_morphology_analyze_no_panic ... ok
test test_morphology_analyze_all_no_panic ... ok
test test_transliterate_no_panic ... ok
test test_normalize_greek_no_panic ... ok

test result: ok. 12 passed; 0 failed; 0 ignored; 0 measured; 0 filtered out; finished in 0.23s

     Running tests/havoc_proptest_pest.rs (target/debug/deps/havoc_proptest_pest-8694faec4723a522)

running 1 test
test test_pest_parse_no_panic ... ok

test result: ok. 1 passed; 0 failed; 0 ignored; 0 measured; 0 filtered out; finished in 0.09s

     Running tests/havoc_proptest_tools.rs (target/debug/deps/havoc_proptest_tools-84ebc5229144df8c)

running 2 tests
test test_tell_tale_fuzz ... ok
test test_highlight_fuzz ... ok

test result: ok. 2 passed; 0 failed; 0 ignored; 0 measured; 0 filtered out; finished in 0.09s

     Running tests/havoc_proptest_unicode_fuzz.rs (target/debug/deps/havoc_proptest_unicode_fuzz-d42f3e1832a3d919)

running 1 test
test test_weird_unicode_fuzz ... ok

test result: ok. 1 passed; 0 failed; 0 ignored; 0 measured; 0 filtered out; finished in 0.09s

     Running tests/havoc_recursion.rs (target/debug/deps/havoc_recursion-0b023bfeca003219)

running 2 tests
test test_deep_phrase_recursion ... ok
test test_wide_phrase_limit ... ok

test result: ok. 2 passed; 0 failed; 0 ignored; 0 measured; 0 filtered out; finished in 0.01s

     Running tests/havoc_recursion_drop.rs (target/debug/deps/havoc_recursion_drop-1bbe437677d3edd1)

running 3 tests
test test_expr_variants_coverage ... ok
test test_deep_recursion_phrase ... ok
test test_deep_recursion_comparison ... ok

test result: ok. 3 passed; 0 failed; 0 ignored; 0 measured; 0 filtered out; finished in 0.22s

     Running tests/havoc_repro.rs (target/debug/deps/havoc_repro-ffe8874cca6c590e)

running 1 test
test havoc_return_complex_expression - should panic ... ok

test result: ok. 1 passed; 0 failed; 0 ignored; 0 measured; 0 filtered out; finished in 0.01s

     Running tests/havoc_transliteration.rs (target/debug/deps/havoc_transliteration-20f4bf36a89d4383)

running 1 test
test test_type_identifier_collision ... ok

test result: ok. 1 passed; 0 failed; 0 ignored; 0 measured; 0 filtered out; finished in 0.22s

     Running tests/lambda_tests.rs (target/debug/deps/lambda_tests-44e732c968b5188e)

running 38 tests
test cycle12_aorist_participles::test_aorist_participle_detection ... ok
test cycle12_aorist_participles::test_aorist_participle_in_ast ... ok
test cycle11_variable_capture::test_no_capture_with_literal ... ok
test cycle11_variable_capture::test_capture_in_any ... ok
test cycle11_variable_capture::test_capture_in_filter ... ok
test cycle13_perfect_participles::test_memoization_codegen ... ok
test cycle13_perfect_participles::test_perfect_participle_detection ... ok
test cycle13_perfect_participles::test_perfect_generates_memoized_closure ... ok
test cycle1_participle_morphology::test_aorist_active_participle_feminine ... ok
test cycle13_perfect_participles::test_tense_capture_mode_mapping ... ok
test cycle1_participle_morphology::test_aorist_active_participle_masculine ... ok
test cycle12_aorist_participles::test_present_vs_aorist_capture_mode ... ok
test cycle1_participle_morphology::test_perfect_passive_participle ... ok
test cycle1_participle_morphology::test_aorist_active_participle_neuter ... ok
test cycle1_participle_morphology::test_present_active_participle ... ok
test cycle1_participle_morphology::test_verb_lemma_extraction ... ok
test cycle1_participle_morphology::test_present_middle_participle ... ok
test cycle4_map_operation::test_map_with_participle_simple ... ok
test cycle5_filter_operation::test_comparative_adjective_detection ... ok
test cycle4_map_operation::test_participle_word_detection ... ok
test cycle5_filter_operation::test_filter_less_than ... ok
test cycle4_map_operation::test_map_with_participle ... ok
test cycle6_find_operation::test_find_first_element ... ok
test cycle5_filter_operation::test_filter_with_comparative ... ok
test cycle6_find_operation::test_find_verb_detection ... ok
test cycle7_fold_operation::test_fold_verb_detection ... ok
test cycle6_find_operation::test_find_with_comparative ... ok
test cycle8_any_all_operations::test_all_quantifier ... ok
test cycle7_fold_operation::test_fold_with_product ... ok
test cycle7_fold_operation::test_fold_with_sum ... ok
test cycle8_any_all_operations::test_any_less_than ... ok
test cycle8_any_all_operations::test_all_with_predicate ... ok
test cycle9_combined_operations::test_filter_then_any ... ok
test cycle8_any_all_operations::test_any_quantifier_detection ... ok
test cycle9_combined_operations::test_filter_then_map ... ok
test cycle8_any_all_operations::test_any_with_predicate ... ok
test cycle9_combined_operations::test_map_then_fold ... ok
test cycle9_combined_operations::test_triple_chain ... ok

test result: ok. 38 passed; 0 failed; 0 ignored; 0 measured; 0 filtered out; finished in 0.01s

     Running tests/morphology_models_test.rs (target/debug/deps/morphology_models_test-339088c0c8b0e047)

running 5 tests
test test_analyses_compatible ... ok
test test_morph_analysis_creation ... ok
test test_enum_variants ... ok
test test_display_impls ... ok
test test_morph_analysis_with_confidence ... ok

test result: ok. 5 passed; 0 failed; 0 ignored; 0 measured; 0 filtered out; finished in 0.00s

     Running tests/mosaic_coverage.rs (target/debug/deps/mosaic_coverage-310a82b9da9f8060)

running 1 test
test test_mosaic_comprehensive_coverage ... ok

test result: ok. 1 passed; 0 failed; 0 ignored; 0 measured; 0 filtered out; finished in 0.00s

     Running tests/narrator_coverage.rs (target/debug/deps/narrator_coverage-3084cbaea750d441)

running 17 tests
test test_bard_assignment ... ok
test test_bard_break_continue ... ok
test test_bard_binding_mutable ... ok
test test_bard_expression_stmt ... ok
test test_bard_function_def ... ok
test test_bard_for ... ok
test test_bard_print_multiple ... ok
test test_bard_match ... ok
test test_bard_return ... ok
test test_bard_test_decl ... ok
test test_bard_trait_def ... ok
test test_bard_trait_impl ... ok
test test_bard_query ... ok
test test_bard_exprs ... ok
test test_bard_type_def ... ok
test test_bard_while ... ok
test test_bard_types ... ok

test result: ok. 17 passed; 0 failed; 0 ignored; 0 measured; 0 filtered out; finished in 0.01s

     Running tests/nova_coverage.rs (target/debug/deps/nova_coverage-8d6fb56786b34654)

running 11 tests
test test_run_papyrus_file_not_found ... ok
test test_run_papyrus_syntax_error ... ok
test test_run_papyrus_semantic_error ... ok
test test_run_papyrus_success ... ok
test test_run_tests_file_not_found ... ok
test test_run_papyrus_file_too_large ... ok
test test_run_tests_syntax_error ... ok
test test_run_weave_success ... ok
test test_run_tests_no_tests_found ... ok
test test_run_tests_failure ... ok
test test_run_tests_success ... ok

test result: ok. 11 passed; 0 failed; 0 ignored; 0 measured; 0 filtered out; finished in 0.21s

     Running tests/nova_numerals.rs (target/debug/deps/nova_numerals-df7a8235fdd160f5)

running 6 tests
test test_arabic_fallback ... ok
test test_greek_numerals_assignment ... ok
test test_greek_numerals_index ... ok
test test_greek_numerals_array ... ok
test test_greek_numerals_mixed ... ok
test test_invalid_greek_logic ... ok

test result: ok. 6 passed; 0 failed; 0 ignored; 0 measured; 0 filtered out; finished in 0.00s

     Running tests/operator_tests.rs (target/debug/deps/operator_tests-419e1dbac0178507)

running 13 tests
test test_arithmetic_quotient ... ok
test test_arithmetic_difference ... ok
test test_arithmetic_product ... ok
test test_arithmetic_in_binding ... ok
test test_boolean_not ... ok
test test_arithmetic_remainder ... ok
test test_arithmetic_sum ... ok
test test_boolean_and ... ok
test test_boolean_or ... ok
test test_comparison_equal ... ok
test test_comparison_in_binding ... ok
test test_comparison_greater_than ... ok
test test_comparison_less_than ... ok

test result: ok. 13 passed; 0 failed; 0 ignored; 0 measured; 0 filtered out; finished in 0.00s

     Running tests/option_result_tests.rs (target/debug/deps/option_result_tests-2294cceb4197a34b)

running 59 tests
test test_epitychia_is_ok ... ok
test test_err_expression_analyzed ... ok
test test_err_codegen ... ok
test test_chained_propagation ... ok
test test_is_err_word_helper ... ok
test test_err_expression_exact_output ... ok
test test_err_with_different_types ... ok
test test_is_ok_word_helper ... ok
test test_is_none_word_helper ... ok
test test_is_some_word_helper ... ok
test test_err_with_string_literal ... ok
test test_nested_option ... ok
test test_mixed_option_result ... ok
test test_multiple_results_in_sequence ... ok
test test_multiple_unwraps_sequence ... ok
test test_none_codegen ... ok
test test_none_expression_analyzed ... ok
test test_ok_expression_analyzed ... ok
test test_ok_codegen ... ok
test test_none_handling ... ok
test test_optative_aorist_passive ... ok
test test_optative_present_active ... ok
test test_option_to_rust ... ok
test test_option_type_compatibility ... ok
test test_option_type_exists ... ok
test test_ok_expression_exact_output ... ok
test test_option_none_generates_correctly ... ok
test test_option_in_print ... ok
test test_option_with_string ... ok
test test_ouden_is_none ... ok
test test_propagation_generates_question_mark ... ok
test test_propagation_early_return ... ok
test test_option_workflow ... ok
test test_propagation_in_workflow ... ok
test test_propagation_operator_detection ... ok
test test_propagation_vs_unwrap ... ok
test test_result_err_generates_correctly ... ok
test test_propagation_with_result ... ok
test test_realistic_error_handling ... ok
test test_result_ok_generates_correctly ... ok
test test_result_type_compatibility ... ok
test test_result_print_directly ... ok
test test_result_to_rust ... ok
test test_result_type_exists ... ok
test test_result_parallels_option ... ok
test test_result_with_number_error ... ok
test test_result_unwrap ... ok
test test_result_with_number_value ... ok
test test_some_codegen ... ok
test test_separate_option_and_variable ... ok
test test_sphalma_is_err ... ok
test test_result_workflow ... ok
test test_some_expression_analyzed ... ok
test test_some_with_different_types ... ok
test test_ti_is_some ... ok
test test_statement_end_with_semicolon ... ok
test test_unwrap_operator_codegen ... ok
test test_unwrap_in_expression ... ok
test test_unwrap_preserves_value ... ok

test result: ok. 59 passed; 0 failed; 0 ignored; 0 measured; 0 filtered out; finished in 0.01s

     Running tests/parser_error_tests.rs (target/debug/deps/parser_error_tests-6f421503c4f49783)

running 1 test
test tests::test_empty_term_handling ... ok

test result: ok. 1 passed; 0 failed; 0 ignored; 0 measured; 0 filtered out; finished in 0.00s

     Running tests/razor_coverage.rs (target/debug/deps/razor_coverage-3a4197bfcf2fae7a)

running 3 tests
test test_assembler_structs_derive_coverage ... ok
test test_assembly_errors_display_impls ... ok
test test_errors_display_impls ... ok

test result: ok. 3 passed; 0 failed; 0 ignored; 0 measured; 0 filtered out; finished in 0.00s

     Running tests/regression_codegen_complex.rs (target/debug/deps/regression_codegen_complex-f390cc420af59c93)

running 1 test
test test_complex_types_panic_and_import ... ok

test result: ok. 1 passed; 0 failed; 0 ignored; 0 measured; 0 filtered out; finished in 0.00s

     Running tests/repro_codegen_perf.rs (target/debug/deps/repro_codegen_perf-79fdc44777d559c2)

running 3 tests
test test_allocations ... ok
test test_sanitizer_edge_cases ... ok
test test_generate_type_tokens_coverage ... ok

test result: ok. 3 passed; 0 failed; 0 ignored; 0 measured; 0 filtered out; finished in 0.00s

     Running tests/repro_ignored_block.rs (target/debug/deps/repro_ignored_block-f86befff6ed7d0ef)

running 2 tests
test test_multi_statement_block_ignored ... ok
test test_block_in_binding_ignored ... ok

test result: ok. 2 passed; 0 failed; 0 ignored; 0 measured; 0 filtered out; finished in 0.00s

     Running tests/reproduce_silent_failure.rs (target/debug/deps/reproduce_silent_failure-2255230f14ce2a53)

running 1 test
test test_undefined_struct_type_error ... ok

test result: ok. 1 passed; 0 failed; 0 ignored; 0 measured; 0 filtered out; finished in 0.00s

     Running tests/security_dos_file_size.rs (target/debug/deps/security_dos_file_size-11fafaae125b4fa3)

running 1 test
test test_file_size_limit_cli ... ok

test result: ok. 1 passed; 0 failed; 0 ignored; 0 measured; 0 filtered out; finished in 6.60s

     Running tests/security_memoize_repro.rs (target/debug/deps/security_memoize_repro-ff7696eaa4426dd0)

running 1 test
test test_security_memoize_repro ... ok

test result: ok. 1 passed; 0 failed; 0 ignored; 0 measured; 0 filtered out; finished in 0.00s

     Running tests/security_tests.rs (target/debug/deps/security_tests-df6316edbe7c5b45)

running 2 tests
test test_diacritic_only_variable_panic ... ok
test test_stack_overflow_nested_parens ... ok

test result: ok. 2 passed; 0 failed; 0 ignored; 0 measured; 0 filtered out; finished in 0.00s

     Running tests/semantic_model_coverage_tests.rs (target/debug/deps/semantic_model_coverage_tests-095b22ac5ae9ce71)

running 13 tests
test test_analyzed_expr_debug ... ok
test test_analyzed_expr_kind_debug_all_variants ... ok
test test_analyzed_method_debug ... ok
test test_analyzed_statement_debug ... ok
test test_assembled_statement_debug ... ok
test test_constituent_debug ... ok
test test_literal_debug ... ok
test test_participle_constituent_debug ... ok
test test_trait_def_debug ... ok
test test_trait_impl_debug ... ok
test test_deep_recursion_debug ... ok
test test_analyzed_expr_kind_debug ... ok
test test_verb_constituent_debug ... ok

test result: ok. 13 passed; 0 failed; 0 ignored; 0 measured; 0 filtered out; finished in 0.00s

     Running tests/sentry_assembler_coverage_tests.rs (target/debug/deps/sentry_assembler_coverage_tests-8b271f2ef8f55402)

running 3 tests
test test_assembler_arithmetic_operator ... ok
test test_assembler_numeral_value ... ok
test test_assembler_comparison_operator ... ok

test result: ok. 3 passed; 0 failed; 0 ignored; 0 measured; 0 filtered out; finished in 0.00s

     Running tests/sentry_morphology_empty_string.rs (target/debug/deps/sentry_morphology_empty_string-870769f1b2aa881f)

running 2 tests
test test_morphology_invalid_unicode ... ok
test test_morphology_empty_string_does_not_panic ... ok

test result: ok. 2 passed; 0 failed; 0 ignored; 0 measured; 0 filtered out; finished in 0.00s

     Running tests/sentry_participle_tests.rs (target/debug/deps/sentry_participle_tests-5f6f5993da0c0fdb)

running 3 tests
test test_invalid_participles ... ok
test test_participle_lemma_generation ... ok
test test_participle_analysis_coverage ... ok

test result: ok. 3 passed; 0 failed; 0 ignored; 0 measured; 0 filtered out; finished in 0.00s

     Running tests/sentry_tester_tests.rs (target/debug/deps/sentry_tester_tests-e05080a7a468d751)

running 5 tests
test test_run_tests_compilation_error ... ok
test test_run_tests_invalid_input_path ... ok
test test_run_tests_empty_test_file ... ok
test test_run_tests_integration ... ok
test test_run_tests_failing_integration ... ok

test result: ok. 5 passed; 0 failed; 0 ignored; 0 measured; 0 filtered out; finished in 0.20s

     Running tests/struct_instantiation.rs (target/debug/deps/struct_instantiation-8ad643d7ff3a9364)

running 1 test
test test_struct_instantiation_with_variable_args ... ok

test result: ok. 1 passed; 0 failed; 0 ignored; 0 measured; 0 filtered out; finished in 0.00s

     Running tests/test_assertions_test.rs (target/debug/deps/test_assertions_test-d7f0dc4448e8b686)

running 6 tests
test test_empty_test_body ... ok
test test_assert_eq_compiles ... ok
test test_hashset_assertion ... ok
test test_assert_containment_compiles ... ok
test test_test_function_name_sanitization ... ok
test test_multiple_assertions_in_one_test ... ok

test result: ok. 6 passed; 0 failed; 0 ignored; 0 measured; 0 filtered out; finished in 0.00s

     Running tests/test_declaration_test.rs (target/debug/deps/test_declaration_test-b85d35021d7efb14)

running 4 tests
test test_parse_test_declaration ... ok
test test_parse_test_unaccented_keywords ... ok
test test_parse_test_with_body ... ok
test test_parse_multiple_tests ... ok

test result: ok. 4 passed; 0 failed; 0 ignored; 0 measured; 0 filtered out; finished in 0.00s

     Running tests/trait_tests.rs (target/debug/deps/trait_tests-5410ad7e732f4c37)

running 32 tests
test test_analyze_trait_definition ... ok
test test_analyze_trait_impl ... ok
test test_call_default_method ... ok
test test_call_both_trait_methods_on_same_type ... ok
test test_call_trait_method ... ok
test test_call_trait_method_with_args ... ok
test test_codegen_trait_definition ... ok
test test_codegen_full_example ... ok
test test_codegen_trait_impl ... ok
test test_codegen_trait_with_default ... ok
test test_default_method_body_analysis ... ok
test test_codegen_trait_method_call_genitive ... ok
test test_duplicate_trait_error ... ok
test test_impl_for_undefined_trait_error ... ok
test test_impl_for_undefined_type_error ... ok
test test_missing_required_method_error ... ok
test test_impl_with_default_method_not_required ... ok
test test_parse_empty_trait ... ok
test test_multiple_types_implement_same_trait ... ok
test test_override_default_method ... ok
test test_parse_empty_trait_impl ... ok
test test_parse_trait_impl_with_method ... ok
test test_parse_trait_with_default_method ... ok
test test_parse_trait_multiple_methods ... ok
test test_parse_impl_multiple_methods ... ok
test test_parse_trait_with_required_method ... ok
test test_repro_trait_default_method_return_type ... ok
test test_repro_trait_impl_return_type ... ok
test test_trait_method_call_error_not_implemented ... ok
test test_trait_stored_in_scope ... ok
test test_standalone_method_call ... ok
test test_type_implements_multiple_traits ... ok

test result: ok. 32 passed; 0 failed; 0 ignored; 0 measured; 0 filtered out; finished in 0.01s

     Running tests/type_tests.rs (target/debug/deps/type_tests-39d38496336253e4)

running 12 tests
test test_analyze_type_definition ... ok
test test_analyze_type_with_multiple_fields ... ok
test test_field_access ... ok
test test_field_access_multiple_fields ... ok
test test_instantiation ... ok
test test_instantiation_multiple_fields ... ok
test test_instantiation_with_boolean ... ok
test test_instantiation_with_explicit_numeric_word ... ok
test test_parse_empty_type ... ok
test test_parse_type_with_field ... ok
test test_instantiation_with_word_number ... ok
test test_instantiation_with_literals ... ok

test result: ok. 12 passed; 0 failed; 0 ignored; 0 measured; 0 filtered out; finished in 0.00s

     Running tests/warden_coverage.rs (target/debug/deps/warden_coverage-235912e6b63c368d)

running 3 tests
test test_coverage_find_patterns ... ok
test test_coverage_any_all_patterns ... ok
test test_coverage_filter_patterns ... ok

test result: ok. 3 passed; 0 failed; 0 ignored; 0 measured; 0 filtered out; finished in 0.00s

     Running tests/warden_exploit.rs (target/debug/deps/warden_exploit-1aa4aa7d169146c5)

running 1 test
test test_exploit_unicode_panic ... ok

test result: ok. 1 passed; 0 failed; 0 ignored; 0 measured; 0 filtered out; finished in 0.00s

     Running tests/warden_hashdos.rs (target/debug/deps/warden_hashdos-fa83a4da41c4ec84)

running 5 tests
test test_cache_key_canonicalization ... ok
test test_cache_key_determinism ... ok
test test_cache_key_format ... ok
test test_cache_key_canonicalization_fallback ... ok
test test_cache_key_uniqueness ... ok

test result: ok. 5 passed; 0 failed; 0 ignored; 0 measured; 0 filtered out; finished in 0.00s

     Running tests/warden_index_overflow.rs (target/debug/deps/warden_index_overflow-a4be7130e8205a44)

running 1 test
test test_index_truncation_simulation ... ok

test result: ok. 1 passed; 0 failed; 0 ignored; 0 measured; 0 filtered out; finished in 0.00s

     Running tests/warden_index_tryfrom.rs (target/debug/deps/warden_index_tryfrom-704a7498275ce395)

running 1 test
test test_warden_index_tryfrom_in_scope ... ok

test result: ok. 1 passed; 0 failed; 0 ignored; 0 measured; 0 filtered out; finished in 0.19s

     Running tests/warden_limits.rs (target/debug/deps/warden_limits-d19983b0625072f0)

running 2 tests
test test_recursion_limit ... ok
test test_operator_limit ... ok

test result: ok. 2 passed; 0 failed; 0 ignored; 0 measured; 0 filtered out; finished in 0.01s

     Running tests/warden_logic.rs (target/debug/deps/warden_logic-1edde04ecd8204a4)

running 1 test
test tests::test_trim_end_matches_bug_reproduction ... ok

test result: ok. 1 passed; 0 failed; 0 ignored; 0 measured; 0 filtered out; finished in 0.00s

     Running tests/warden_missing_verb.rs (target/debug/deps/warden_missing_verb-a7e5b9af655714ef)

running 1 test
test test_missing_verb_returns_semantic_error_instead_of_ice ... ok

test result: ok. 1 passed; 0 failed; 0 ignored; 0 measured; 0 filtered out; finished in 0.00s

     Running tests/warden_neg_overflow.rs (target/debug/deps/warden_neg_overflow-cdab79950be901c4)

running 2 tests
test test_warden_neg_overflow_non_number_fallback ... ok
test test_warden_neg_overflow_defense ... ok

test result: ok. 2 passed; 0 failed; 0 ignored; 0 measured; 0 filtered out; finished in 0.00s

     Running tests/warden_nested_phrase.rs (target/debug/deps/warden_nested_phrase-cd93bda3d29f432f)

running 3 tests
test test_nested_phrase_binding_error ... ok
test test_function_definition_scope ... ok
test test_nested_phrase_valid_function ... ok

test result: ok. 3 passed; 0 failed; 0 ignored; 0 measured; 0 filtered out; finished in 0.00s

     Running tests/warden_overflow_sim.rs (target/debug/deps/warden_overflow_sim-c67d8f579136cccd)

running 1 test
test test_warden_overflow_sim_defense ... ok

test result: ok. 1 passed; 0 failed; 0 ignored; 0 measured; 0 filtered out; finished in 0.00s

     Running tests/warden_recursion_bypass.rs (target/debug/deps/warden_recursion_bypass-f40810ffbe3fff97)

running 1 test
test test_exploit_recursion_bypass ... ok

test result: ok. 1 passed; 0 failed; 0 ignored; 0 measured; 0 filtered out; finished in 0.00s

     Running tests/warden_recursive_struct.rs (target/debug/deps/warden_recursive_struct-c55c7d9bdd3a6681)

running 1 test
test test_recursive_struct_fails ... ok

test result: ok. 1 passed; 0 failed; 0 ignored; 0 measured; 0 filtered out; finished in 0.00s

     Running tests/warden_recursive_struct_mutual.rs (target/debug/deps/warden_recursive_struct_mutual-9ed0515a4f658e06)

running 2 tests
test test_mutual_recursive_struct_fails ... ok
test test_unknown_type_fails ... ok

test result: ok. 2 passed; 0 failed; 0 ignored; 0 measured; 0 filtered out; finished in 0.00s

     Running tests/warden_text_dos.rs (target/debug/deps/warden_text_dos-eaf89d1371133632)

running 1 test
test test_dos_sigma_normalization ... ok

test result: ok. 1 passed; 0 failed; 0 ignored; 0 measured; 0 filtered out; finished in 0.01s

     Running tests/word_order_tests.rs (target/debug/deps/word_order_tests-b509f430acc65f71)

running 9 tests
test test_article_disambiguation_context ... ok
test test_binding_word_order_independence ... ok
test test_multiple_statement_scope ... ok
test test_assembler_consistency ... ok
test test_number_binding_variations ... ok
test test_print_word_order_independence ... ok
test test_string_binding ... ok
test test_query_produces_output ... ok
test test_variable_binding_and_reference ... ok

test result: ok. 9 passed; 0 failed; 0 ignored; 0 measured; 0 filtered out; finished in 0.00s

   Doc-tests glossa

running 135 tests
test src/ast.rs - ast::BinOperator (line 629) ... ok
test src/ast.rs - ast::Word (line 727) ... ok
test src/codegen.rs - codegen (line 71) ... ignored
test src/ast.rs - ast::Word (line 719) ... ok
test src/ast.rs - ast::UnaryOperator (line 679) ... ok
test src/codegen.rs - codegen::generate_statement_code (line 465) ... ok
test src/codegen.rs - codegen::sanitize_name (line 164) ... ok
test src/codegen.rs - codegen::to_rust_type (line 257) ... ok
test src/codegen.rs - codegen::transliterate (line 201) ... ok
test src/errors/mod.rs - errors::GlossaError::agreement (line 251) ... ok
test src/errors/mod.rs - errors::GlossaError::codegen (line 272) ... ok
test src/errors/mod.rs - errors::GlossaError::parse (line 160) ... ok
test src/errors/mod.rs - errors::GlossaError::parse_with_source (line 182) ... ok
test src/errors/mod.rs - errors::GlossaError::semantic (line 212) ... ok
test src/errors/mod.rs - errors::GlossaError::undefined (line 233) ... ok
test src/lib.rs - (line 74) ... ok
test src/morphology/conjugation.rs - morphology::conjugation::analyze_verb (line 314) ... ok
test src/morphology/conjugation.rs - morphology::conjugation::conjugate (line 645) ... ok
test src/morphology/conjugation.rs - morphology::conjugation::infinitive (line 688) ... ok
test src/morphology/declension.rs - morphology::declension::decline (line 336) ... ok
test src/morphology/declension.rs - morphology::declension::analyze_noun (line 163) ... ok
test src/morphology/declension.rs - morphology::declension::get_stem (line 293) ... ok
test src/morphology/disambiguation.rs - morphology::disambiguation::DisambiguationContext::expecting_case (line 90) ... ok
test src/morphology/disambiguation.rs - morphology::disambiguation::DisambiguationContext::from_article (line 48) ... ok
test src/morphology/disambiguation.rs - morphology::disambiguation::DisambiguationContext::from_verb (line 69) ... ok
test src/morphology/disambiguation.rs - morphology::disambiguation::DisambiguationContext::new (line 36) ... ok
test src/morphology/lexicon.rs - morphology::lexicon (line 28) ... ignored
test src/morphology/disambiguation.rs - morphology::disambiguation::analyze_article (line 241) ... ok
test src/morphology/disambiguation.rs - morphology::disambiguation::disambiguate (line 113) ... ok
test src/morphology/disambiguation.rs - morphology::disambiguation::resolve_best (line 216) ... ok
test src/morphology/lexicon.rs - morphology::lexicon::BinaryOp (line 2311) ... ok
test src/morphology/lexicon.rs - morphology::lexicon::ELSE_PATTERN_WORDS (line 2449) ... ok
test src/morphology/lexicon.rs - morphology::lexicon::UnaryOp (line 2359) ... ok
test src/morphology/lexicon.rs - morphology::lexicon::LexiconEntry::to_analysis (line 109) ... ok
test src/morphology/mod.rs - morphology::analyze_all (line 76) ... ok
test src/morphology/models.rs - morphology::models::Gender (line 161) ... ok
test src/morphology/models.rs - morphology::models::Number (line 137) ... ok
test src/morphology/models.rs - morphology::models::MorphAnalysis (line 16) ... ok
test src/morphology/models.rs - morphology::models::analyses_compatible (line 291) ... ok
test src/morphology/participle.rs - morphology::participle (line 18) ... ok
test src/morphology/participle.rs - morphology::participle::ParticipleAnalysis::verb_lemma (line 55) ... ok
test src/morphology/participle.rs - morphology::participle::analyze_participle (line 500) ... ok
test src/parser/common.rs - parser::common::ParseError (line 23) ... ok
test src/parser/grammar.rs - parser::grammar (line 40) ... ok
test src/parser/grammar.rs - parser::grammar::GlossaParser (line 70) ... ok
test src/parser/grammar.rs - parser::grammar::parse (line 98) ... ok
test src/parser/mod.rs - parser::parse (line 54) ... ok
test src/parser/grammar.rs - parser::grammar::parse (line 109) ... ok
test src/semantic/analyzer.rs - semantic::analyzer::AnalyzedProgram (line 27) ... ok
test src/parser/numerals.rs - parser::numerals::parse_greek_numeral (line 26) ... ok
test src/semantic/analyzer.rs - semantic::analyzer::analyze_statement (line 60) ... ok
test src/semantic/assembly.rs - semantic::assembly (line 85) ... ok
test src/semantic/assembly.rs - semantic::assembly::AssembledStatement (line 140) ... ok
test src/semantic/assembly.rs - semantic::assembly::Assembler::feed (line 492) ... ok
test src/semantic/assembly.rs - semantic::assembly::Assembler::feed_array (line 608) ... ok
test src/semantic/assembly.rs - semantic::assembly::Assembler::feed_boolean (line 592) ... ok
test src/semantic/assembly.rs - semantic::assembly::Assembler::feed_block (line 626) ... ok
test src/semantic/assembly.rs - semantic::assembly::Assembler::feed_index_access (line 666) ... ok
test src/semantic/assembly.rs - semantic::assembly::Assembler::feed_number (line 576) ... ok
test src/semantic/assembly.rs - semantic::assembly::Assembler::feed_nested_phrase (line 645) ... ok
test src/semantic/assembly.rs - semantic::assembly::Assembler::feed_string (line 560) ... ok
test src/semantic/assembly.rs - semantic::assembly::Assembler::feed_participle (line 715) ... ok
test src/semantic/assembly.rs - semantic::assembly::Assembler::new (line 465) ... ok
test src/semantic/assembly.rs - semantic::assembly::Assembler::feed_unwrap (line 693) ... ok
test src/semantic/assembly.rs - semantic::assembly::Assembler::finalize (line 906) ... ok
test src/semantic/control_flow.rs - semantic::control_flow::analyze_control_flow (line 36) ... ignored
test src/semantic/conversion.rs - semantic::conversion::classify_assembled_statement (line 111) ... ignored
test src/semantic/conversion.rs - semantic::conversion::convert_assembled_to_analyzed (line 71) ... ignored
test src/semantic/conversion.rs - semantic::conversion::extract_value (line 1608) ... ignored
test src/semantic/expressions.rs - semantic::expressions::analyze_argument_expr (line 33) ... ignored
test src/semantic/expressions.rs - semantic::expressions::contains_function_definition_verb (line 396) ... ignored
test src/semantic/expressions.rs - semantic::expressions::contains_verb_in_expr (line 432) ... ignored
test src/semantic/assembly.rs - semantic::assembly::Constituent (line 262) ... ok
test src/semantic/expressions.rs - semantic::expressions::get_first_word (line 351) ... ignored
test src/semantic/assembly.rs - semantic::assembly::Literal (line 399) ... ok
test src/semantic/model.rs - semantic::model::AnalyzedExpr (line 450) ... ok
test src/semantic/model.rs - semantic::model (line 25) ... ok
test src/semantic/mod.rs - semantic::assemble_statement (line 85) ... ok
test src/semantic/model.rs - semantic::model::AnalyzedExprKind (line 488) ... ok
test src/semantic/patterns.rs - semantic::patterns (line 20) ... ignored
test src/semantic/model.rs - semantic::model::AnalyzedMethod (line 393) ... ok
test src/semantic/model.rs - semantic::model::AnalyzedStatement (line 61) ... ok
test src/semantic/model.rs - semantic::model::CaptureMode (line 823) ... ok
test src/semantic/resolver.rs - semantic::resolver (line 20) ... ok
test src/semantic/resolver.rs - semantic::resolver::Scope (line 70) ... ok
test src/semantic/resolver.rs - semantic::resolver::Scope::bindings (line 469) ... ok
test src/semantic/resolver.rs - semantic::resolver::Scope::has_method (line 281) ... ok
test src/semantic/resolver.rs - semantic::resolver::Scope::functions (line 524) ... ok
test src/semantic/resolver.rs - semantic::resolver::Scope::is_defined (line 446) ... ok
test src/semantic/resolver.rs - semantic::resolver::Scope::is_defined_locally (line 420) ... ok
test src/semantic/resolver.rs - semantic::resolver::Scope::lookup (line 378) ... ok
test src/semantic/resolver.rs - semantic::resolver::Scope::lookup_binding (line 399) ... ok
test src/semantic/resolver.rs - semantic::resolver::Scope::new (line 123) ... ok
test src/semantic/resolver.rs - semantic::resolver::Scope::traits (line 562) ... ok
test src/semantic/resolver.rs - semantic::resolver::Scope::types (line 543) ... ok
test src/semantic/resolver.rs - semantic::resolver::Scope::unused_bindings (line 500) ... ok
test src/semantic/types.rs - semantic::types::GlossaType (line 30) ... ok
test src/semantic/resolver.rs - semantic::resolver::Scope::with_scope (line 147) ... ok
test src/tools/cache.rs - tools::cache::Cache (line 32) - compile ... ok
test src/semantic/types.rs - semantic::types::GlossaType::fmt (line 177) ... ok
test src/semantic/types.rs - semantic::types::detect_collection_type (line 257) ... ok
test src/text.rs - text::normalize_greek (line 29) ... ok
test src/tools/cache.rs - tools::cache::Cache::init (line 86) - compile ... ok
test src/tools/cache.rs - tools::cache::Cache::get_paths (line 149) ... ok
test src/tools/cache.rs - tools::cache::Cache::key (line 116) ... ok
test src/tools/cache.rs - tools::cache::Cache::new (line 58) ... ok
test src/tools/cache.rs - tools::cache::Cache::is_valid (line 187) ... ok
test src/tools/cli.rs - tools::cli::Cli (line 57) ... ok
test src/tools/cli.rs - tools::cli::Commands (line 87) ... ok
test src/tools/highlight.rs - tools::highlight (line 26) ... ok
test src/tools/interpreter.rs - tools::interpreter::EvalError (line 81) ... ok
test src/tools/interpreter.rs - tools::interpreter::Interpreter (line 137) ... ok
test src/tools/interpreter.rs - tools::interpreter::Interpreter::new (line 165) ... ok
test src/tools/interpreter.rs - tools::interpreter::Value (line 34) ... ok
test src/tools/mod.rs - tools::runner (line 53) - compile ... ok
test src/tools/interpreter.rs - tools::interpreter::Interpreter::run (line 182) ... ok
test src/tools/report.rs - tools::report::CompilationReport (line 404) ... ignored
test src/tools/report.rs - tools::report::GlossaReport<'a>::new (line 274) ... ignored
test src/tools/report.rs - tools::report::ProgramStats::new (line 53) ... ignored
test src/tools/mentor.rs - tools::mentor::Lesson (line 37) ... ok
test src/tools/labyrinth.rs - tools::labyrinth::generate_cfg (line 54) ... ok
test src/tools/narrator.rs - tools::narrator::tell_tale (line 37) ... ok
test src/tools/runner.rs - tools::runner::bard_file (line 472) ... ok
test src/tools/runner.rs - tools::runner::check_file (line 344) ... ok
test src/tools/tester.rs - tools::tester (line 33) ... ignored
test src/tools/runner.rs - tools::runner::build_file (line 112) ... ok
test src/tools/ui.rs - tools::ui::Status (line 33) ... ignored
test src/tools/ui.rs - tools::ui::Status::error (line 142) ... ignored
test src/tools/ui.rs - tools::ui::Status::start (line 53) ... ignored
test src/tools/ui.rs - tools::ui::Status::start_with_symbol (line 67) ... ignored
test src/tools/ui.rs - tools::ui::Status::success (line 117) ... ignored
test src/tools/ui.rs - tools::ui::Status::update (line 96) ... ignored
test src/tools/runner.rs - tools::runner::highlight_file (line 423) ... ok
test src/tools/tester.rs - tools::tester::run_tests (line 372) ... ok
test src/tools/runner.rs - tools::runner::run_file (line 204) ... ok

test result: ok. 114 passed; 0 failed; 21 ignored; 0 measured; 0 filtered out; finished in 0.31s

all doctests ran in 1.43s; merged doctests compilation took 1.11s
